ASxxxx Linker V03.00 + NoICE + sdld,  page 1.
Hexadecimal  [32-Bits]

Area                                    Addr        Size        Decimal Bytes (Attributes)
--------------------------------        ----        ----        ------- ----- ------------
.  .ABS.                            00000000    00000000 =           0. bytes (ABS,CON)

      Value  Global                              Global Defined In Module
      -----  --------------------------------   ------------------------
     00000000  .__.ABS.                           
     00000000  l__BSEG                         
     00000000  l__BSS                          
     00000000  l__CABS                         
     00000000  l__DABS                         
     00000000  l__HEADER                       
     00000000  l__HEAP                         
     00000000  l__HOME                         
     00000000  s__CABS                         
     00000000  s__CABS0                        
     00000000  s__CABS1                        
     00000000  s__CABS2                        
     00000000  s__CABS3                        
     00000000  s__CABS4                        
     00000000  s__DABS                         
     00000000  s__HEADER                       
     00000000  s__HEADER0                      
     00000000  s__HEADER1                      
     00000000  s__HEADER2                      
     00000000  s__HEADER3                      
     00000000  s__HEADER4                      
     00000001  l__GSFINAL                      
     00000008  l__HEADER0                      
     00000009  l__HEADER1                      
     00000009  l__INITIALIZED                  
     00000009  l__INITIALIZER                  
     0000000F  l__CABS2                        
     0000000F  l__GSINIT                       
     00000010  l__CABS0                        
     00000010  l__CABS1                        
     00000010  l__CABS4                        
     00000018  l__HEADER2                      
     0000002B  l__HEADER3                      
     00000104  l__HEADER4                      
     0000012E  l__CABS3                        
     00000200  s__CODE                         
     000006B3  l__DATA                         
     00004897  l__CODE                         
     00004A97  s__HOME                         
     00004A97  s__INITIALIZER                  
     00004AA0  s__GSINIT                       
     00004AAF  s__GSFINAL                      
     00008000  G$SMS_SRAM$0_0$0                   dragon_blaster
     00008000  _SMS_SRAM                          SMSlib_deprecated
     0000C000  s__DATA                         
     0000C6B3  s__INITIALIZED                  
     0000C6BC  s__BSEG                         
     0000C6BC  s__BSS                          
     0000C6BC  s__HEAP                         
     0000FFFC  G$SRAM_bank_to_be_mapped_on_slot   dragon_blaster
ASxxxx Linker V03.00 + NoICE + sdld,  page 2.
Hexadecimal  [32-Bits]

Area                                    Addr        Size        Decimal Bytes (Attributes)
--------------------------------        ----        ----        ------- ----- ------------
.  .ABS.                            00000000    00000000 =           0. bytes (ABS,CON)

      Value  Global                              Global Defined In Module
      -----  --------------------------------   ------------------------
     0000FFFC  _SRAM_bank_to_be_mapped_on_slot2   SMSlib_deprecated
     0000FFFF  G$ROM_bank_to_be_mapped_on_slot2   dragon_blaster
     0000FFFF  _ROM_bank_to_be_mapped_on_slot2    SMSlib_deprecated

ASxxxx Linker V03.00 + NoICE + sdld,  page 3.
Hexadecimal  [32-Bits]

Area                                    Addr        Size        Decimal Bytes (Attributes)
--------------------------------        ----        ----        ------- ----- ------------
_CODE                               00000200    00004897 =       18583. bytes (REL,CON)

      Value  Global                              Global Defined In Module
      -----  --------------------------------   ------------------------
     00000200  G$background_palette_bin$0_0$0     data
     00000200  _background_palette_bin            data
     00000210  G$background_tilemap_bin$0_0$0     data
     00000210  _background_tilemap_bin            data
     00000290  G$background_tiles_psgcompr$0_0$   data
     00000290  _background_tiles_psgcompr         data
     0000032B  G$dracolich_palette_bin$0_0$0      data
     0000032B  _dracolich_palette_bin             data
     0000033B  G$dracolich_tilemap_bin$0_0$0      data
     0000033B  _dracolich_tilemap_bin             data
     000004BB  G$dracolich_tiles_psgcompr$0_0$0   data
     000004BB  _dracolich_tiles_psgcompr          data
     00000DCA  G$level1_bin$0_0$0                 data
     00000DCA  _level1_bin                        data
     00000FCB  G$path1_path$0_0$0                 data
     00000FCB  _path1_path                        data
     0000129F  G$sprites_palette_bin$0_0$0        data
     0000129F  _sprites_palette_bin               data
     000012AF  G$sprites_tiles_psgcompr$0_0$0     data
     000012AF  _sprites_tiles_psgcompr            data
     00001CBD  G$tileset_palette_bin$0_0$0        data
     00001CBD  _tileset_palette_bin               data
     00001CCD  G$tileset_tiles_psgcompr$0_0$0     data
     00001CCD  _tileset_tiles_psgcompr            data
     0000210F  A$actor$110                        actor
     0000210F  C$actor.c$9$0_0$149                actor
     0000210F  G$draw_meta_sprite$0$0             actor
     0000210F  _draw_meta_sprite                  actor
     00002111  A$actor$111                        actor
     00002115  A$actor$112                        actor
     00002117  A$actor$113                        actor
     00002118  A$actor$117                        actor
     00002118  C$actor.c$14$1_0$149               actor
     0000211B  A$actor$118                        actor
     0000211E  A$actor$119                        actor
     00002122  A$actor$123                        actor
     00002122  C$actor.c$15$1_0$149               actor
     00002125  A$actor$124                        actor
     00002128  A$actor$128                        actor
     0000212B  A$actor$129                        actor
     0000212E  A$actor$130                        actor
     00002131  A$actor$131                        actor
     00002134  A$actor$132                        actor
     00002135  A$actor$133                        actor
     00002137  A$actor$134                        actor
     00002138  A$actor$135                        actor
     00002139  A$actor$136                        actor
     0000213A  A$actor$137                        actor
     0000213B  A$actor$138                        actor
     0000213D  A$actor$139                        actor
ASxxxx Linker V03.00 + NoICE + sdld,  page 4.
Hexadecimal  [32-Bits]

Area                                    Addr        Size        Decimal Bytes (Attributes)
--------------------------------        ----        ----        ------- ----- ------------
_CODE                               00000200    00004897 =       18583. bytes (REL,CON)

      Value  Global                              Global Defined In Module
      -----  --------------------------------   ------------------------
     0000213F  A$actor$140                        actor
     00002140  A$actor$141                        actor
     00002143  A$actor$142                        actor
     00002144  A$actor$143                        actor
     00002145  A$actor$144                        actor
     00002147  A$actor$145                        actor
     00002148  A$actor$147                        actor
     0000214B  A$actor$148                        actor
     0000214C  A$actor$149                        actor
     0000214E  A$actor$153                        actor
     0000214E  C$actor.c$17$3_0$151               actor
     00002150  A$actor$154                        actor
     00002152  A$actor$155                        actor
     00002155  A$actor$156                        actor
     00002156  A$actor$157                        actor
     00002158  A$actor$161                        actor
     00002158  C$actor.c$18$4_0$152               actor
     0000215C  A$actor$165                        actor
     0000215F  A$actor$166                        actor
     00002162  A$actor$168                        actor
     00002165  A$actor$169                        actor
     00002166  A$actor$170                        actor
     00002168  A$actor$174                        actor
     00002168  C$actor.c$20$6_0$154               actor
     0000216C  A$actor$175                        actor
     00002170  A$actor$176                        actor
     00002172  A$actor$177                        actor
     00002175  A$actor$178                        actor
     00002177  A$actor$179                        actor
     00002179  A$actor$180                        actor
     0000217B  A$actor$184                        actor
     0000217B  C$actor.c$21$7_0$155               actor
     0000217E  A$actor$185                        actor
     0000217F  A$actor$186                        actor
     00002182  A$actor$187                        actor
     00002183  A$actor$188                        actor
     00002184  A$actor$189                        actor
     00002187  A$actor$190                        actor
     00002188  A$actor$191                        actor
     00002189  A$actor$192                        actor
     0000218A  A$actor$193                        actor
     0000218B  A$actor$194                        actor
     0000218E  A$actor$195                        actor
     0000218F  A$actor$196                        actor
     00002190  A$actor$197                        actor
     00002191  A$actor$198                        actor
     00002192  A$actor$203                        actor
     00002192  C$actor.c$23$6_0$154               actor
     00002195  A$actor$204                        actor
     00002196  A$actor$205                        actor
     00002198  A$actor$206                        actor
ASxxxx Linker V03.00 + NoICE + sdld,  page 5.
Hexadecimal  [32-Bits]

Area                                    Addr        Size        Decimal Bytes (Attributes)
--------------------------------        ----        ----        ------- ----- ------------
_CODE                               00000200    00004897 =       18583. bytes (REL,CON)

      Value  Global                              Global Defined In Module
      -----  --------------------------------   ------------------------
     00002199  A$actor$207                        actor
     0000219B  A$actor$208                        actor
     0000219C  A$actor$209                        actor
     0000219D  A$actor$214                        actor
     0000219D  C$actor.c$24$6_0$154               actor
     000021A0  A$actor$215                        actor
     000021A2  A$actor$216                        actor
     000021A5  A$actor$220                        actor
     000021A5  C$actor.c$19$5_0$153               actor
     000021A8  A$actor$221                        actor
     000021A9  A$actor$222                        actor
     000021AB  A$actor$227                        actor
     000021AB  C$actor.c$27$3_0$151               actor
     000021AE  A$actor$228                        actor
     000021AF  A$actor$229                        actor
     000021B1  A$actor$230                        actor
     000021B2  A$actor$231                        actor
     000021B4  A$actor$232                        actor
     000021B5  A$actor$233                        actor
     000021B6  A$actor$238                        actor
     000021B6  C$actor.c$16$2_0$150               actor
     000021BA  A$actor$239                        actor
     000021BD  A$actor$240                        actor
     000021BF  A$actor$245                        actor
     000021C0  A$actor$246                        actor
     000021C2  A$actor$251                        actor
     000021C2  C$actor.c$29$2_0$149               actor
     000021C2  XG$draw_meta_sprite$0$0            actor
     000021C3  A$actor$261                        actor
     000021C3  C$actor.c$31$2_0$157               actor
     000021C3  G$init_actor$0$0                   actor
     000021C3  _init_actor                        actor
     000021C5  A$actor$262                        actor
     000021C9  A$actor$263                        actor
     000021CB  A$actor$264                        actor
     000021CC  A$actor$268                        actor
     000021CC  C$actor.c$33$1_0$157               actor
     000021CF  A$actor$269                        actor
     000021D2  A$actor$273                        actor
     000021D5  A$actor$274                        actor
     000021D7  A$actor$278                        actor
     000021D7  C$actor.c$37$1_0$157               actor
     000021DA  A$actor$279                        actor
     000021DB  A$actor$280                        actor
     000021DE  A$actor$281                        actor
     000021DF  A$actor$282                        actor
     000021E0  A$actor$283                        actor
     000021E3  A$actor$284                        actor
     000021E4  A$actor$288                        actor
     000021E4  C$actor.c$38$1_0$157               actor
     000021E7  A$actor$289                        actor
ASxxxx Linker V03.00 + NoICE + sdld,  page 6.
Hexadecimal  [32-Bits]

Area                                    Addr        Size        Decimal Bytes (Attributes)
--------------------------------        ----        ----        ------- ----- ------------
_CODE                               00000200    00004897 =       18583. bytes (REL,CON)

      Value  Global                              Global Defined In Module
      -----  --------------------------------   ------------------------
     000021E8  A$actor$290                        actor
     000021E9  A$actor$291                        actor
     000021EA  A$actor$292                        actor
     000021ED  A$actor$293                        actor
     000021EE  A$actor$294                        actor
     000021EF  A$actor$295                        actor
     000021F2  A$actor$296                        actor
     000021F3  A$actor$300                        actor
     000021F3  C$actor.c$39$1_0$157               actor
     000021F6  A$actor$301                        actor
     000021F9  A$actor$302                        actor
     000021FA  A$actor$303                        actor
     000021FC  A$actor$307                        actor
     000021FC  C$actor.c$41$1_0$157               actor
     000021FF  A$actor$308                        actor
     00002202  A$actor$309                        actor
     00002203  A$actor$310                        actor
     00002206  A$actor$311                        actor
     00002207  A$actor$315                        actor
     00002207  C$actor.c$42$1_0$157               actor
     0000220A  A$actor$316                        actor
     0000220D  A$actor$317                        actor
     0000220E  A$actor$318                        actor
     00002211  A$actor$319                        actor
     00002212  A$actor$323                        actor
     00002212  C$actor.c$43$1_0$157               actor
     00002215  A$actor$324                        actor
     00002218  A$actor$325                        actor
     00002219  A$actor$326                        actor
     0000221C  A$actor$327                        actor
     0000221D  A$actor$328                        actor
     0000221E  A$actor$329                        actor
     0000221F  A$actor$330                        actor
     00002220  A$actor$334                        actor
     00002220  C$actor.c$44$1_0$157               actor
     00002223  A$actor$335                        actor
     00002226  A$actor$336                        actor
     00002227  A$actor$337                        actor
     0000222A  A$actor$338                        actor
     0000222B  A$actor$339                        actor
     0000222C  A$actor$340                        actor
     0000222D  A$actor$341                        actor
     0000222E  A$actor$342                        actor
     0000222F  A$actor$343                        actor
     00002230  A$actor$347                        actor
     00002230  C$actor.c$46$1_0$157               actor
     00002233  A$actor$348                        actor
     00002236  A$actor$349                        actor
     00002237  A$actor$350                        actor
     00002239  A$actor$354                        actor
     00002239  C$actor.c$47$1_0$157               actor
ASxxxx Linker V03.00 + NoICE + sdld,  page 7.
Hexadecimal  [32-Bits]

Area                                    Addr        Size        Decimal Bytes (Attributes)
--------------------------------        ----        ----        ------- ----- ------------
_CODE                               00000200    00004897 =       18583. bytes (REL,CON)

      Value  Global                              Global Defined In Module
      -----  --------------------------------   ------------------------
     0000223C  A$actor$355                        actor
     0000223F  A$actor$356                        actor
     00002240  A$actor$357                        actor
     00002242  A$actor$361                        actor
     00002242  C$actor.c$49$1_0$157               actor
     00002245  A$actor$362                        actor
     00002248  A$actor$363                        actor
     00002249  A$actor$364                        actor
     0000224C  A$actor$365                        actor
     0000224D  A$actor$369                        actor
     0000224D  C$actor.c$50$1_0$157               actor
     00002250  A$actor$370                        actor
     00002253  A$actor$371                        actor
     00002254  A$actor$372                        actor
     00002257  A$actor$373                        actor
     00002258  A$actor$377                        actor
     00002258  C$actor.c$51$1_0$157               actor
     0000225B  A$actor$378                        actor
     0000225E  A$actor$379                        actor
     0000225F  A$actor$380                        actor
     00002261  A$actor$384                        actor
     00002261  C$actor.c$52$1_0$157               actor
     00002264  A$actor$385                        actor
     00002267  A$actor$386                        actor
     00002268  A$actor$387                        actor
     00002269  A$actor$388                        actor
     0000226A  A$actor$389                        actor
     0000226B  A$actor$390                        actor
     0000226C  A$actor$391                        actor
     0000226D  A$actor$392                        actor
     0000226E  A$actor$393                        actor
     00002270  A$actor$394                        actor
     00002271  A$actor$395                        actor
     00002273  A$actor$397                        actor
     00002274  A$actor$398                        actor
     00002276  A$actor$399                        actor
     00002277  A$actor$401                        actor
     00002279  A$actor$402                        actor
     0000227A  A$actor$403                        actor
     0000227B  A$actor$404                        actor
     0000227C  A$actor$405                        actor
     0000227D  A$actor$409                        actor
     00002281  A$actor$413                        actor
     00002281  C$actor.c$53$1_0$157               actor
     00002284  A$actor$414                        actor
     00002285  A$actor$415                        actor
     00002286  A$actor$416                        actor
     00002289  A$actor$417                        actor
     0000228A  A$actor$418                        actor
     0000228B  A$actor$419                        actor
     0000228C  A$actor$420                        actor
ASxxxx Linker V03.00 + NoICE + sdld,  page 8.
Hexadecimal  [32-Bits]

Area                                    Addr        Size        Decimal Bytes (Attributes)
--------------------------------        ----        ----        ------- ----- ------------
_CODE                               00000200    00004897 =       18583. bytes (REL,CON)

      Value  Global                              Global Defined In Module
      -----  --------------------------------   ------------------------
     0000228F  A$actor$421                        actor
     00002291  A$actor$422                        actor
     00002292  A$actor$423                        actor
     00002294  A$actor$425                        actor
     00002295  A$actor$426                        actor
     00002297  A$actor$427                        actor
     00002298  A$actor$429                        actor
     0000229A  A$actor$430                        actor
     0000229B  A$actor$431                        actor
     0000229C  A$actor$432                        actor
     0000229D  A$actor$436                        actor
     0000229D  C$actor.c$55$1_0$157               actor
     000022A0  A$actor$437                        actor
     000022A3  A$actor$438                        actor
     000022A4  A$actor$439                        actor
     000022A6  A$actor$443                        actor
     000022A6  C$actor.c$56$1_0$157               actor
     000022A9  A$actor$444                        actor
     000022AC  A$actor$445                        actor
     000022AD  A$actor$446                        actor
     000022AE  A$actor$447                        actor
     000022AF  A$actor$448                        actor
     000022B0  A$actor$449                        actor
     000022B1  A$actor$453                        actor
     000022B1  C$actor.c$57$1_0$157               actor
     000022B4  A$actor$454                        actor
     000022B7  A$actor$455                        actor
     000022B8  A$actor$456                        actor
     000022B9  A$actor$457                        actor
     000022BA  A$actor$458                        actor
     000022BB  A$actor$459                        actor
     000022BC  A$actor$463                        actor
     000022C0  A$actor$467                        actor
     000022C0  C$actor.c$59$1_0$157               actor
     000022C3  A$actor$468                        actor
     000022C4  A$actor$469                        actor
     000022C5  A$actor$470                        actor
     000022C8  A$actor$471                        actor
     000022C9  A$actor$472                        actor
     000022CA  A$actor$473                        actor
     000022CC  A$actor$474                        actor
     000022CD  A$actor$478                        actor
     000022D1  A$actor$482                        actor
     000022D1  C$actor.c$60$1_0$157               actor
     000022D4  A$actor$483                        actor
     000022D5  A$actor$484                        actor
     000022D6  A$actor$485                        actor
     000022D9  A$actor$486                        actor
     000022DA  A$actor$487                        actor
     000022DB  A$actor$488                        actor
     000022DD  A$actor$489                        actor
ASxxxx Linker V03.00 + NoICE + sdld,  page 9.
Hexadecimal  [32-Bits]

Area                                    Addr        Size        Decimal Bytes (Attributes)
--------------------------------        ----        ----        ------- ----- ------------
_CODE                               00000200    00004897 =       18583. bytes (REL,CON)

      Value  Global                              Global Defined In Module
      -----  --------------------------------   ------------------------
     000022DE  A$actor$493                        actor
     000022E2  A$actor$497                        actor
     000022E2  C$actor.c$61$1_0$157               actor
     000022E5  A$actor$498                        actor
     000022E6  A$actor$499                        actor
     000022E7  A$actor$500                        actor
     000022E8  A$actor$501                        actor
     000022E9  A$actor$502                        actor
     000022EC  A$actor$503                        actor
     000022ED  A$actor$504                        actor
     000022EE  A$actor$505                        actor
     000022F0  A$actor$506                        actor
     000022F3  A$actor$507                        actor
     000022F4  A$actor$508                        actor
     000022F5  A$actor$509                        actor
     000022F7  A$actor$510                        actor
     000022F8  A$actor$511                        actor
     000022F9  A$actor$512                        actor
     000022FA  A$actor$513                        actor
     000022FB  A$actor$514                        actor
     000022FC  A$actor$515                        actor
     000022FD  A$actor$516                        actor
     000022FF  A$actor$517                        actor
     00002301  A$actor$518                        actor
     00002302  A$actor$519                        actor
     00002303  A$actor$520                        actor
     00002304  A$actor$524                        actor
     00002304  C$actor.c$35$1_0$157               actor
     00002308  A$actor$528                        actor
     00002308  C$actor.c$62$1_0$157               actor
     0000230B  A$actor$529                        actor
     0000230C  A$actor$530                        actor
     0000230D  A$actor$531                        actor
     0000230E  A$actor$532                        actor
     0000230F  A$actor$533                        actor
     00002312  A$actor$534                        actor
     00002313  A$actor$535                        actor
     00002314  A$actor$536                        actor
     00002316  A$actor$537                        actor
     00002319  A$actor$538                        actor
     0000231A  A$actor$539                        actor
     0000231B  A$actor$540                        actor
     0000231D  A$actor$541                        actor
     0000231E  A$actor$542                        actor
     0000231F  A$actor$543                        actor
     00002320  A$actor$544                        actor
     00002321  A$actor$545                        actor
     00002322  A$actor$546                        actor
     00002323  A$actor$547                        actor
     00002325  A$actor$548                        actor
     00002327  A$actor$549                        actor
ASxxxx Linker V03.00 + NoICE + sdld,  page 10.
Hexadecimal  [32-Bits]

Area                                    Addr        Size        Decimal Bytes (Attributes)
--------------------------------        ----        ----        ------- ----- ------------
_CODE                               00000200    00004897 =       18583. bytes (REL,CON)

      Value  Global                              Global Defined In Module
      -----  --------------------------------   ------------------------
     00002328  A$actor$550                        actor
     00002329  A$actor$551                        actor
     0000232A  A$actor$555                        actor
     0000232A  C$actor.c$64$1_0$157               actor
     0000232D  A$actor$556                        actor
     00002330  A$actor$557                        actor
     00002331  A$actor$558                        actor
     00002333  A$actor$562                        actor
     00002333  C$actor.c$65$1_0$157               actor
     00002336  A$actor$563                        actor
     00002339  A$actor$564                        actor
     0000233A  A$actor$565                        actor
     0000233C  A$actor$566                        actor
     0000233D  A$actor$567                        actor
     0000233F  A$actor$571                        actor
     00002341  A$actor$572                        actor
     00002343  A$actor$577                        actor
     00002343  C$actor.c$66$1_0$157               actor
     00002343  XG$init_actor$0$0                  actor
     00002344  A$actor$587                        actor
     00002344  C$actor.c$68$1_0$159               actor
     00002344  G$move_actor$0$0                   actor
     00002344  _move_actor                        actor
     00002346  A$actor$588                        actor
     0000234A  A$actor$589                        actor
     0000234C  A$actor$590                        actor
     0000234D  A$actor$591                        actor
     0000234E  A$actor$595                        actor
     0000234E  C$actor.c$73$1_0$159               actor
     00002351  A$actor$596                        actor
     00002354  A$actor$597                        actor
     00002355  A$actor$598                        actor
     00002356  A$actor$602                        actor
     00002356  C$actor.c$74$2_0$160               actor
     00002359  A$actor$606                        actor
     00002359  C$actor.c$77$1_0$159               actor
     0000235D  A$actor$610                        actor
     00002360  A$actor$611                        actor
     00002361  A$actor$612                        actor
     00002364  A$actor$613                        actor
     00002366  A$actor$614                        actor
     00002369  A$actor$615                        actor
     0000236C  A$actor$616                        actor
     0000236E  A$actor$617                        actor
     00002371  A$actor$618                        actor
     00002374  A$actor$619                        actor
     00002377  A$actor$620                        actor
     00002378  A$actor$621                        actor
     00002379  A$actor$622                        actor
     0000237A  A$actor$623                        actor
     0000237B  A$actor$624                        actor
ASxxxx Linker V03.00 + NoICE + sdld,  page 11.
Hexadecimal  [32-Bits]

Area                                    Addr        Size        Decimal Bytes (Attributes)
--------------------------------        ----        ----        ------- ----- ------------
_CODE                               00000200    00004897 =       18583. bytes (REL,CON)

      Value  Global                              Global Defined In Module
      -----  --------------------------------   ------------------------
     0000237E  A$actor$628                        actor
     0000237E  C$actor.c$80$2_0$161               actor
     0000237F  A$actor$629                        actor
     00002380  A$actor$630                        actor
     00002383  A$actor$631                        actor
     00002384  A$actor$632                        actor
     00002385  A$actor$633                        actor
     00002388  A$actor$634                        actor
     00002389  A$actor$635                        actor
     0000238A  A$actor$636                        actor
     0000238D  A$actor$640                        actor
     0000238D  C$actor.c$82$2_0$161               actor
     00002391  A$actor$641                        actor
     00002394  A$actor$642                        actor
     00002397  A$actor$643                        actor
     00002399  A$actor$644                        actor
     0000239C  A$actor$645                        actor
     0000239F  A$actor$646                        actor
     000023A0  A$actor$647                        actor
     000023A3  A$actor$648                        actor
     000023A4  A$actor$649                        actor
     000023A5  A$actor$650                        actor
     000023A8  A$actor$655                        actor
     000023A8  C$actor.c$83$2_0$161               actor
     000023AB  A$actor$656                        actor
     000023AE  A$actor$657                        actor
     000023B1  A$actor$658                        actor
     000023B2  A$actor$659                        actor
     000023B3  A$actor$660                        actor
     000023B6  A$actor$664                        actor
     000023B6  C$actor.c$84$2_0$161               actor
     000023B9  A$actor$665                        actor
     000023BA  A$actor$666                        actor
     000023BC  A$actor$667                        actor
     000023BE  A$actor$668                        actor
     000023C1  A$actor$669                        actor
     000023C4  A$actor$670                        actor
     000023C5  A$actor$671                        actor
     000023C6  A$actor$672                        actor
     000023C7  A$actor$673                        actor
     000023CB  A$actor$674                        actor
     000023CF  A$actor$679                        actor
     000023CF  C$actor.c$86$2_0$161               actor
     000023D0  A$actor$680                        actor
     000023D1  A$actor$681                        actor
     000023D4  A$actor$682                        actor
     000023D5  A$actor$683                        actor
     000023D6  A$actor$684                        actor
     000023D9  A$actor$688                        actor
     000023DA  A$actor$689                        actor
     000023DB  A$actor$690                        actor
ASxxxx Linker V03.00 + NoICE + sdld,  page 12.
Hexadecimal  [32-Bits]

Area                                    Addr        Size        Decimal Bytes (Attributes)
--------------------------------        ----        ----        ------- ----- ------------
_CODE                               00000200    00004897 =       18583. bytes (REL,CON)

      Value  Global                              Global Defined In Module
      -----  --------------------------------   ------------------------
     000023DC  A$actor$691                        actor
     000023DD  A$actor$692                        actor
     000023E0  A$actor$693                        actor
     000023E1  A$actor$694                        actor
     000023E2  A$actor$695                        actor
     000023E5  A$actor$696                        actor
     000023E6  A$actor$697                        actor
     000023E9  A$actor$698                        actor
     000023EC  A$actor$702                        actor
     000023EF  A$actor$706                        actor
     000023F0  A$actor$707                        actor
     000023F1  A$actor$708                        actor
     000023F2  A$actor$709                        actor
     000023F3  A$actor$710                        actor
     000023F4  A$actor$711                        actor
     000023F8  A$actor$712                        actor
     000023FA  A$actor$713                        actor
     000023FD  A$actor$714                        actor
     000023FE  A$actor$715                        actor
     00002400  A$actor$716                        actor
     00002401  A$actor$718                        actor
     00002404  A$actor$719                        actor
     00002405  A$actor$720                        actor
     00002406  A$actor$721                        actor
     00002409  A$actor$722                        actor
     0000240A  A$actor$723                        actor
     0000240B  A$actor$724                        actor
     0000240C  A$actor$725                        actor
     0000240D  A$actor$726                        actor
     0000240E  A$actor$727                        actor
     0000240F  A$actor$728                        actor
     00002410  A$actor$732                        actor
     00002414  A$actor$736                        actor
     00002415  A$actor$737                        actor
     00002416  A$actor$738                        actor
     00002417  A$actor$739                        actor
     00002418  A$actor$740                        actor
     0000241B  A$actor$741                        actor
     0000241C  A$actor$742                        actor
     0000241D  A$actor$743                        actor
     00002420  A$actor$744                        actor
     00002421  A$actor$745                        actor
     00002424  A$actor$746                        actor
     00002425  A$actor$750                        actor
     00002428  A$actor$754                        actor
     00002429  A$actor$755                        actor
     0000242A  A$actor$756                        actor
     0000242D  A$actor$757                        actor
     0000242E  A$actor$758                        actor
     0000242F  A$actor$759                        actor
     00002432  A$actor$760                        actor
ASxxxx Linker V03.00 + NoICE + sdld,  page 13.
Hexadecimal  [32-Bits]

Area                                    Addr        Size        Decimal Bytes (Attributes)
--------------------------------        ----        ----        ------- ----- ------------
_CODE                               00000200    00004897 =       18583. bytes (REL,CON)

      Value  Global                              Global Defined In Module
      -----  --------------------------------   ------------------------
     00002434  A$actor$761                        actor
     00002436  A$actor$762                        actor
     00002437  A$actor$763                        actor
     0000243A  A$actor$764                        actor
     0000243B  A$actor$765                        actor
     0000243D  A$actor$766                        actor
     00002440  A$actor$767                        actor
     00002441  A$actor$768                        actor
     00002443  A$actor$770                        actor
     00002446  A$actor$771                        actor
     00002449  A$actor$773                        actor
     0000244C  A$actor$774                        actor
     0000244D  A$actor$775                        actor
     0000244E  A$actor$776                        actor
     00002451  A$actor$777                        actor
     00002452  A$actor$778                        actor
     00002453  A$actor$779                        actor
     00002454  A$actor$780                        actor
     00002455  A$actor$781                        actor
     00002456  A$actor$782                        actor
     00002457  A$actor$783                        actor
     00002458  A$actor$787                        actor
     00002458  C$actor.c$90$2_0$161               actor
     0000245B  A$actor$788                        actor
     0000245D  A$actor$789                        actor
     00002460  A$actor$793                        actor
     00002460  C$actor.c$91$3_0$162               actor
     00002463  A$actor$794                        actor
     00002466  A$actor$795                        actor
     00002469  A$actor$796                        actor
     0000246A  A$actor$797                        actor
     0000246B  A$actor$798                        actor
     0000246E  A$actor$802                        actor
     00002471  A$actor$809                        actor
     00002471  C$actor.c$92$3_0$162               actor
     00002472  A$actor$810                        actor
     00002476  A$actor$811                        actor
     00002478  A$actor$812                        actor
     0000247A  A$actor$813                        actor
     0000247B  A$actor$814                        actor
     0000247C  A$actor$815                        actor
     0000247F  A$actor$816                        actor
     00002480  A$actor$817                        actor
     00002481  A$actor$818                        actor
     00002482  A$actor$819                        actor
     00002483  A$actor$820                        actor
     00002487  A$actor$821                        actor
     0000248B  A$actor$826                        actor
     0000248B  C$actor.c$94$3_0$162               actor
     0000248C  A$actor$827                        actor
     0000248D  A$actor$828                        actor
ASxxxx Linker V03.00 + NoICE + sdld,  page 14.
Hexadecimal  [32-Bits]

Area                                    Addr        Size        Decimal Bytes (Attributes)
--------------------------------        ----        ----        ------- ----- ------------
_CODE                               00000200    00004897 =       18583. bytes (REL,CON)

      Value  Global                              Global Defined In Module
      -----  --------------------------------   ------------------------
     00002490  A$actor$829                        actor
     00002491  A$actor$830                        actor
     00002492  A$actor$831                        actor
     00002495  A$actor$835                        actor
     00002496  A$actor$839                        actor
     00002497  A$actor$840                        actor
     0000249A  A$actor$841                        actor
     0000249B  A$actor$842                        actor
     0000249C  A$actor$843                        actor
     0000249F  A$actor$844                        actor
     000024A0  A$actor$845                        actor
     000024A3  A$actor$846                        actor
     000024A4  A$actor$850                        actor
     000024A7  A$actor$854                        actor
     000024A7  C$actor.c$87$1_0$159               actor
     000024A8  A$actor$855                        actor
     000024A9  A$actor$856                        actor
     000024AA  A$actor$857                        actor
     000024AB  A$actor$858                        actor
     000024AC  A$actor$862                        actor
     000024AC  C$actor.c$95$3_0$162               actor
     000024AE  A$actor$863                        actor
     000024B0  A$actor$864                        actor
     000024B1  A$actor$865                        actor
     000024B2  A$actor$866                        actor
     000024B3  A$actor$867                        actor
     000024B5  A$actor$868                        actor
     000024B6  A$actor$869                        actor
     000024B7  A$actor$871                        actor
     000024BA  A$actor$872                        actor
     000024BB  A$actor$873                        actor
     000024BC  A$actor$874                        actor
     000024BF  A$actor$875                        actor
     000024C0  A$actor$876                        actor
     000024C1  A$actor$877                        actor
     000024C2  A$actor$878                        actor
     000024C3  A$actor$879                        actor
     000024C4  A$actor$880                        actor
     000024C5  A$actor$881                        actor
     000024C6  A$actor$885                        actor
     000024CA  A$actor$889                        actor
     000024CB  A$actor$890                        actor
     000024CC  A$actor$891                        actor
     000024CD  A$actor$895                        actor
     000024CE  A$actor$896                        actor
     000024D1  A$actor$897                        actor
     000024D2  A$actor$898                        actor
     000024D3  A$actor$899                        actor
     000024D6  A$actor$900                        actor
     000024D7  A$actor$901                        actor
     000024DA  A$actor$902                        actor
ASxxxx Linker V03.00 + NoICE + sdld,  page 15.
Hexadecimal  [32-Bits]

Area                                    Addr        Size        Decimal Bytes (Attributes)
--------------------------------        ----        ----        ------- ----- ------------
_CODE                               00000200    00004897 =       18583. bytes (REL,CON)

      Value  Global                              Global Defined In Module
      -----  --------------------------------   ------------------------
     000024DB  A$actor$906                        actor
     000024DB  C$actor.c$84$1_0$159               actor
     000024DE  A$actor$910                        actor
     000024DE  C$actor.c$88$1_0$159               actor
     000024DF  A$actor$911                        actor
     000024E0  A$actor$912                        actor
     000024E1  A$actor$913                        actor
     000024E2  A$actor$914                        actor
     000024E3  A$actor$915                        actor
     000024E4  A$actor$919                        actor
     000024E4  C$actor.c$96$3_0$162               actor
     000024E6  A$actor$920                        actor
     000024E8  A$actor$921                        actor
     000024E9  A$actor$922                        actor
     000024EA  A$actor$923                        actor
     000024EB  A$actor$924                        actor
     000024ED  A$actor$925                        actor
     000024EE  A$actor$926                        actor
     000024EF  A$actor$928                        actor
     000024F0  A$actor$929                        actor
     000024F3  A$actor$930                        actor
     000024F4  A$actor$931                        actor
     000024F5  A$actor$932                        actor
     000024F8  A$actor$933                        actor
     000024F9  A$actor$934                        actor
     000024FA  A$actor$935                        actor
     000024FB  A$actor$936                        actor
     000024FC  A$actor$937                        actor
     000024FD  A$actor$938                        actor
     000024FE  A$actor$943                        actor
     000024FE  C$actor.c$99$2_0$161               actor
     00002501  A$actor$944                        actor
     00002504  A$actor$945                        actor
     00002505  A$actor$946                        actor
     00002509  A$actor$947                        actor
     0000250C  A$actor$948                        actor
     0000250D  A$actor$949                        actor
     0000250E  A$actor$950                        actor
     00002511  A$actor$951                        actor
     00002512  A$actor$956                        actor
     00002512  C$actor.c$79$1_0$159               actor
     00002515  A$actor$960                        actor
     00002515  C$actor.c$102$1_0$159              actor
     00002518  A$actor$961                        actor
     00002519  A$actor$962                        actor
     0000251A  A$actor$963                        actor
     0000251B  A$actor$964                        actor
     0000251C  A$actor$965                        actor
     0000251D  A$actor$966                        actor
     0000251E  A$actor$967                        actor
     0000251F  A$actor$968                        actor
ASxxxx Linker V03.00 + NoICE + sdld,  page 16.
Hexadecimal  [32-Bits]

Area                                    Addr        Size        Decimal Bytes (Attributes)
--------------------------------        ----        ----        ------- ----- ------------
_CODE                               00000200    00004897 =       18583. bytes (REL,CON)

      Value  Global                              Global Defined In Module
      -----  --------------------------------   ------------------------
     00002520  A$actor$969                        actor
     00002522  A$actor$970                        actor
     00002523  A$actor$971                        actor
     00002524  A$actor$972                        actor
     00002525  A$actor$973                        actor
     00002526  A$actor$974                        actor
     00002527  A$actor$975                        actor
     00002528  A$actor$980                        actor
     0000252A  A$actor$981                        actor
     0000252C  A$actor$986                        actor
     0000252C  C$actor.c$103$1_0$159              actor
     0000252C  XG$move_actor$0$0                  actor
     0000252D  A$actor$996                        actor
     0000252D  C$actor.c$105$1_0$164              actor
     0000252D  G$draw_actor$0$0                   actor
     0000252D  _draw_actor                        actor
     0000252F  A$actor$997                        actor
     00002533  A$actor$998                        actor
     00002535  A$actor$999                        actor
     00002536  A$actor$1000                       actor
     00002537  A$actor$1004                       actor
     00002537  C$actor.c$110$1_0$164              actor
     0000253A  A$actor$1005                       actor
     0000253D  A$actor$1006                       actor
     00002540  A$actor$1007                       actor
     00002543  A$actor$1008                       actor
     00002546  A$actor$1009                       actor
     00002549  A$actor$1010                       actor
     0000254A  A$actor$1011                       actor
     0000254B  A$actor$1012                       actor
     0000254C  A$actor$1016                       actor
     0000254C  C$actor.c$111$2_0$165              actor
     0000254F  A$actor$1020                       actor
     0000254F  C$actor.c$114$1_0$164              actor
     00002552  A$actor$1021                       actor
     00002555  A$actor$1022                       actor
     00002558  A$actor$1026                       actor
     0000255C  A$actor$1027                       actor
     0000255D  A$actor$1028                       actor
     0000255E  A$actor$1029                       actor
     00002561  A$actor$1030                       actor
     00002562  A$actor$1031                       actor
     00002563  A$actor$1032                       actor
     00002564  A$actor$1033                       actor
     00002565  A$actor$1034                       actor
     00002568  A$actor$1035                       actor
     00002569  A$actor$1036                       actor
     0000256A  A$actor$1037                       actor
     0000256B  A$actor$1038                       actor
     0000256E  A$actor$1042                       actor
     0000256E  C$actor.c$117$1_0$164              actor
ASxxxx Linker V03.00 + NoICE + sdld,  page 17.
Hexadecimal  [32-Bits]

Area                                    Addr        Size        Decimal Bytes (Attributes)
--------------------------------        ----        ----        ------- ----- ------------
_CODE                               00000200    00004897 =       18583. bytes (REL,CON)

      Value  Global                              Global Defined In Module
      -----  --------------------------------   ------------------------
     0000256F  A$actor$1043                       actor
     00002570  A$actor$1044                       actor
     00002573  A$actor$1045                       actor
     00002574  A$actor$1046                       actor
     00002575  A$actor$1047                       actor
     00002576  A$actor$1048                       actor
     00002578  A$actor$1052                       actor
     00002578  C$actor.c$118$2_0$166              actor
     00002579  A$actor$1053                       actor
     0000257A  A$actor$1054                       actor
     0000257D  A$actor$1055                       actor
     0000257E  A$actor$1056                       actor
     0000257F  A$actor$1057                       actor
     00002582  A$actor$1058                       actor
     00002583  A$actor$1059                       actor
     00002584  A$actor$1064                       actor
     00002584  C$actor.c$121$1_0$164              actor
     00002585  A$actor$1065                       actor
     00002586  A$actor$1066                       actor
     00002589  A$actor$1067                       actor
     0000258A  A$actor$1068                       actor
     0000258B  A$actor$1069                       actor
     0000258E  A$actor$1070                       actor
     00002592  A$actor$1071                       actor
     00002593  A$actor$1072                       actor
     00002594  A$actor$1073                       actor
     00002597  A$actor$1074                       actor
     00002598  A$actor$1075                       actor
     00002599  A$actor$1076                       actor
     0000259C  A$actor$1077                       actor
     000025A0  A$actor$1078                       actor
     000025A1  A$actor$1079                       actor
     000025A2  A$actor$1080                       actor
     000025A3  A$actor$1081                       actor
     000025A4  A$actor$1082                       actor
     000025A5  A$actor$1083                       actor
     000025A6  A$actor$1084                       actor
     000025A7  A$actor$1085                       actor
     000025A8  A$actor$1086                       actor
     000025A9  A$actor$1087                       actor
     000025AA  A$actor$1088                       actor
     000025AB  A$actor$1089                       actor
     000025AC  A$actor$1090                       actor
     000025AD  A$actor$1091                       actor
     000025AE  A$actor$1092                       actor
     000025B1  A$actor$1093                       actor
     000025B2  A$actor$1094                       actor
     000025B3  A$actor$1095                       actor
     000025B6  A$actor$1096                       actor
     000025B9  A$actor$1097                       actor
     000025BA  A$actor$1098                       actor
ASxxxx Linker V03.00 + NoICE + sdld,  page 18.
Hexadecimal  [32-Bits]

Area                                    Addr        Size        Decimal Bytes (Attributes)
--------------------------------        ----        ----        ------- ----- ------------
_CODE                               00000200    00004897 =       18583. bytes (REL,CON)

      Value  Global                              Global Defined In Module
      -----  --------------------------------   ------------------------
     000025BD  A$actor$1099                       actor
     000025C0  A$actor$1100                       actor
     000025C1  A$actor$1101                       actor
     000025C2  A$actor$1102                       actor
     000025C3  A$actor$1103                       actor
     000025C6  A$actor$1104                       actor
     000025C9  A$actor$1105                       actor
     000025CA  A$actor$1106                       actor
     000025CB  A$actor$1110                       actor
     000025CF  A$actor$1114                       actor
     000025CF  C$actor.c$123$1_0$164              actor
     000025D2  A$actor$1115                       actor
     000025D3  A$actor$1116                       actor
     000025D4  A$actor$1117                       actor
     000025D5  A$actor$1118                       actor
     000025D7  A$actor$1122                       actor
     000025D7  C$actor.c$124$2_0$167              actor
     000025D8  A$actor$1123                       actor
     000025D9  A$actor$1124                       actor
     000025DB  A$actor$1129                       actor
     000025DE  A$actor$1130                       actor
     000025DF  A$actor$1131                       actor
     000025E0  A$actor$1135                       actor
     000025E0  C$actor.c$126$2_0$168              actor
     000025E1  A$actor$1136                       actor
     000025E4  A$actor$1140                       actor
     000025E4  C$actor.c$127$2_0$168              actor
     000025E5  A$actor$1141                       actor
     000025E6  A$actor$1142                       actor
     000025E7  A$actor$1143                       actor
     000025EA  A$actor$1144                       actor
     000025EB  A$actor$1145                       actor
     000025EC  A$actor$1146                       actor
     000025ED  A$actor$1147                       actor
     000025F0  A$actor$1148                       actor
     000025F1  A$actor$1149                       actor
     000025F2  A$actor$1153                       actor
     000025F2  C$actor.c$128$2_0$168              actor
     000025F5  A$actor$1154                       actor
     000025F6  A$actor$1155                       actor
     000025F7  A$actor$1156                       actor
     000025FB  A$actor$1157                       actor
     000025FE  A$actor$1158                       actor
     000025FF  A$actor$1159                       actor
     00002601  A$actor$1160                       actor
     00002605  A$actor$1165                       actor
     00002605  C$actor.c$129$2_0$168              actor
     00002608  A$actor$1166                       actor
     00002609  A$actor$1170                       actor
     00002609  C$actor.c$116$1_0$164              actor
     0000260D  A$actor$1174                       actor
ASxxxx Linker V03.00 + NoICE + sdld,  page 19.
Hexadecimal  [32-Bits]

Area                                    Addr        Size        Decimal Bytes (Attributes)
--------------------------------        ----        ----        ------- ----- ------------
_CODE                               00000200    00004897 =       18583. bytes (REL,CON)

      Value  Global                              Global Defined In Module
      -----  --------------------------------   ------------------------
     0000260D  C$actor.c$131$2_0$168              actor
     00002610  A$actor$1175                       actor
     00002611  A$actor$1176                       actor
     00002612  A$actor$1177                       actor
     00002615  A$actor$1178                       actor
     00002616  A$actor$1179                       actor
     00002617  A$actor$1180                       actor
     00002618  A$actor$1185                       actor
     0000261A  A$actor$1186                       actor
     0000261C  A$actor$1191                       actor
     0000261C  C$actor.c$133$1_0$164              actor
     0000261C  XG$draw_actor$0$0                  actor
     0000261D  A$actor$1201                       actor
     0000261D  C$actor.c$135$1_0$171              actor
     0000261D  G$wait_frames$0$0                  actor
     0000261D  _wait_frames                       actor
     0000261E  A$actor$1202                       actor
     0000261F  A$actor$1203                       actor
     00002620  A$actor$1204                       actor
     00002621  A$actor$1209                       actor
     00002621  C$actor.c$136$2_0$171              actor
     00002622  A$actor$1210                       actor
     00002623  A$actor$1211                       actor
     00002624  A$actor$1212                       actor
     00002625  A$actor$1213                       actor
     00002628  A$actor$1214                       actor
     00002629  A$actor$1215                       actor
     0000262A  A$actor$1223                       actor
     0000262A  C$actor.c$137$2_0$171              actor
     0000262A  XG$wait_frames$0$0                 actor
     0000262C  A$actor$1236                       actor
     0000262C  C$actor.c$139$2_0$172              actor
     0000262C  C$actor.c$140$1_0$172              actor
     0000262C  G$clear_sprites$0$0                actor
     0000262C  _clear_sprites                     actor
     0000262F  A$actor$1240                       actor
     0000262F  C$actor.c$141$1_0$172              actor
     00002632  A$actor$1251                       actor
     00002632  C$actor.c$142$1_0$172              actor
     00002632  C$actor.c$143$1_0$172              actor
     00002632  XG$clear_sprites$0$0               actor
     00002635  G$lightining_path$0_0$0            shot
     00002635  _lightining_path                   shot
     00002639  G$fire_path$0_0$0                  shot
     00002639  _fire_path                         shot
     00002663  G$hellfire_path$0_0$0              shot
     00002663  _hellfire_path                     shot
     0000268D  G$wind_path0$0_0$0                 shot
     0000268D  _wind_path0                        shot
     00002691  G$wind_path1$0_0$0                 shot
     00002691  _wind_path1                        shot
ASxxxx Linker V03.00 + NoICE + sdld,  page 20.
Hexadecimal  [32-Bits]

Area                                    Addr        Size        Decimal Bytes (Attributes)
--------------------------------        ----        ----        ------- ----- ------------
_CODE                               00000200    00004897 =       18583. bytes (REL,CON)

      Value  Global                              Global Defined In Module
      -----  --------------------------------   ------------------------
     00002695  G$wind_path2$0_0$0                 shot
     00002695  _wind_path2                        shot
     00002699  G$wind_path3$0_0$0                 shot
     00002699  _wind_path3                        shot
     0000269F  G$wind_path4$0_0$0                 shot
     0000269F  _wind_path4                        shot
     000026A5  G$firebolt_path$0_0$0              shot
     000026A5  _firebolt_path                     shot
     000026CF  G$ball_lightining_path$0_0$0       shot
     000026CF  _ball_lightining_path              shot
     00002717  G$lightining_paths$0_0$0           shot
     00002717  _lightining_paths                  shot
     0000271C  G$fire_paths$0_0$0                 shot
     0000271C  _fire_paths                        shot
     00002721  G$hellfire_paths$0_0$0             shot
     00002721  _hellfire_paths                    shot
     00002726  G$wind_paths$0_0$0                 shot
     00002726  _wind_paths                        shot
     00002735  G$tempest_paths$0_0$0              shot
     00002735  _tempest_paths                     shot
     00002749  G$firebolt_paths$0_0$0             shot
     00002749  _firebolt_paths                    shot
     0000274E  G$thunderstorm_paths$0_0$0         shot
     0000274E  _thunderstorm_paths                shot
     0000275D  G$ball_lightining_paths$0_0$0      shot
     0000275D  _ball_lightining_paths             shot
     00002762  G$player_shot_infos$0_0$0          shot
     00002762  _player_shot_infos                 shot
     000027A1  G$boss_lightining_path$0_0$0       boss_shot
     000027A1  _boss_lightining_path              boss_shot
     000027A5  G$boss_fire_path$0_0$0             boss_shot
     000027A5  _boss_fire_path                    boss_shot
     000027CF  G$boss_lightining_paths$0_0$0      boss_shot
     000027CF  _boss_lightining_paths             boss_shot
     000027D4  G$boss_fire_paths$0_0$0            boss_shot
     000027D4  _boss_fire_paths                   boss_shot
     000027D9  G$boss_shot_infos$0_0$0            boss_shot
     000027D9  _boss_shot_infos                   boss_shot
     000027E7  A$shots$142                        shots
     000027E7  C$shots.c$22$0_0$151               shots
     000027E7  C$shots.c$23$1_0$151               shots
     000027E7  G$clear_player_shots_collision$0   shots
     000027E7  _clear_player_shots_collision      shots
     000027EA  A$shots$143                        shots
     000027EC  A$shots$145                        shots
     000027EE  A$shots$146                        shots
     000027EF  A$shots$147                        shots
     000027F1  A$shots$151                        shots
     000027F1  C$shots.c$24$1_0$151               shots
     000027F4  A$shots$152                        shots
     000027F6  A$shots$154                        shots
ASxxxx Linker V03.00 + NoICE + sdld,  page 21.
Hexadecimal  [32-Bits]

Area                                    Addr        Size        Decimal Bytes (Attributes)
--------------------------------        ----        ----        ------- ----- ------------
_CODE                               00000200    00004897 =       18583. bytes (REL,CON)

      Value  Global                              Global Defined In Module
      -----  --------------------------------   ------------------------
     000027F8  A$shots$155                        shots
     000027F9  A$shots$156                        shots
     000027FB  A$shots$164                        shots
     000027FB  C$shots.c$25$1_0$151               shots
     000027FB  XG$clear_player_shots_collision$   shots
     000027FC  A$shots$174                        shots
     000027FC  C$shots.c$27$1_0$153               shots
     000027FC  G$mark_player_shot_collision_row   shots
     000027FC  _mark_player_shot_collision_row    shots
     000027FE  A$shots$178                        shots
     000027FE  C$shots.c$30$1_0$153               shots
     00002801  A$shots$179                        shots
     00002802  A$shots$180                        shots
     00002803  A$shots$181                        shots
     00002804  A$shots$182                        shots
     00002805  A$shots$183                        shots
     00002807  A$shots$184                        shots
     00002809  A$shots$185                        shots
     0000280B  A$shots$186                        shots
     0000280D  A$shots$187                        shots
     0000280F  A$shots$188                        shots
     00002811  A$shots$189                        shots
     00002814  A$shots$190                        shots
     00002815  A$shots$194                        shots
     00002815  C$shots.c$32$1_0$153               shots
     00002818  A$shots$195                        shots
     0000281A  A$shots$196                        shots
     0000281D  A$shots$197                        shots
     0000281E  A$shots$198                        shots
     00002821  A$shots$202                        shots
     00002821  C$shots.c$33$1_0$153               shots
     00002823  A$shots$203                        shots
     00002827  A$shots$204                        shots
     0000282A  A$shots$205                        shots
     0000282C  A$shots$206                        shots
     0000282F  A$shots$207                        shots
     00002831  A$shots$211                        shots
     00002831  C$shots.c$34$1_0$153               shots
     00002834  A$shots$212                        shots
     00002836  A$shots$213                        shots
     00002839  A$shots$214                        shots
     0000283A  A$shots$215                        shots
     0000283D  A$shots$219                        shots
     0000283D  C$shots.c$35$1_0$153               shots
     0000283F  A$shots$220                        shots
     00002843  A$shots$221                        shots
     00002846  A$shots$222                        shots
     00002848  A$shots$223                        shots
     0000284B  A$shots$224                        shots
     0000284D  A$shots$228                        shots
     0000284D  C$shots.c$36$1_0$153               shots
ASxxxx Linker V03.00 + NoICE + sdld,  page 22.
Hexadecimal  [32-Bits]

Area                                    Addr        Size        Decimal Bytes (Attributes)
--------------------------------        ----        ----        ------- ----- ------------
_CODE                               00000200    00004897 =       18583. bytes (REL,CON)

      Value  Global                              Global Defined In Module
      -----  --------------------------------   ------------------------
     00002850  A$shots$229                        shots
     00002852  A$shots$234                        shots
     00002854  A$shots$239                        shots
     00002854  C$shots.c$37$1_0$153               shots
     00002854  XG$mark_player_shot_collision_ro   shots
     00002855  A$shots$249                        shots
     00002855  C$shots.c$39$1_0$155               shots
     00002855  G$mark_player_shot_collision_col   shots
     00002855  _mark_player_shot_collision_col    shots
     00002857  A$shots$253                        shots
     00002857  C$shots.c$42$1_0$155               shots
     0000285A  A$shots$254                        shots
     0000285B  A$shots$255                        shots
     0000285C  A$shots$256                        shots
     0000285D  A$shots$257                        shots
     0000285E  A$shots$258                        shots
     00002860  A$shots$259                        shots
     00002862  A$shots$260                        shots
     00002864  A$shots$261                        shots
     00002866  A$shots$262                        shots
     00002868  A$shots$263                        shots
     0000286A  A$shots$264                        shots
     0000286D  A$shots$265                        shots
     0000286E  A$shots$269                        shots
     0000286E  C$shots.c$44$1_0$155               shots
     00002871  A$shots$270                        shots
     00002873  A$shots$271                        shots
     00002876  A$shots$272                        shots
     00002877  A$shots$273                        shots
     0000287A  A$shots$277                        shots
     0000287A  C$shots.c$45$1_0$155               shots
     0000287C  A$shots$278                        shots
     00002880  A$shots$279                        shots
     00002883  A$shots$280                        shots
     00002885  A$shots$281                        shots
     00002888  A$shots$282                        shots
     0000288A  A$shots$286                        shots
     0000288A  C$shots.c$46$1_0$155               shots
     0000288D  A$shots$287                        shots
     0000288F  A$shots$292                        shots
     00002891  A$shots$297                        shots
     00002891  C$shots.c$47$1_0$155               shots
     00002891  XG$mark_player_shot_collision_co   shots
     00002892  A$shots$307                        shots
     00002892  C$shots.c$49$1_0$157               shots
     00002892  G$check_player_shot_collision_ro   shots
     00002892  _check_player_shot_collision_row   shots
     00002894  A$shots$308                        shots
     00002898  A$shots$309                        shots
     0000289A  A$shots$313                        shots
     0000289A  C$shots.c$52$1_0$157               shots
ASxxxx Linker V03.00 + NoICE + sdld,  page 23.
Hexadecimal  [32-Bits]

Area                                    Addr        Size        Decimal Bytes (Attributes)
--------------------------------        ----        ----        ------- ----- ------------
_CODE                               00000200    00004897 =       18583. bytes (REL,CON)

      Value  Global                              Global Defined In Module
      -----  --------------------------------   ------------------------
     0000289E  A$shots$314                        shots
     000028A0  A$shots$315                        shots
     000028A2  A$shots$316                        shots
     000028A5  A$shots$321                        shots
     000028A5  C$shots.c$54$1_0$157               shots
     000028A8  A$shots$322                        shots
     000028AB  A$shots$323                        shots
     000028AD  A$shots$324                        shots
     000028AF  A$shots$325                        shots
     000028B1  A$shots$326                        shots
     000028B3  A$shots$327                        shots
     000028B5  A$shots$328                        shots
     000028B7  A$shots$329                        shots
     000028BA  A$shots$330                        shots
     000028BB  A$shots$331                        shots
     000028BE  A$shots$335                        shots
     000028BE  C$shots.c$56$1_0$157               shots
     000028C0  A$shots$336                        shots
     000028C4  A$shots$337                        shots
     000028C7  A$shots$338                        shots
     000028C9  A$shots$339                        shots
     000028CC  A$shots$340                        shots
     000028CE  A$shots$341                        shots
     000028D0  A$shots$342                        shots
     000028D3  A$shots$347                        shots
     000028D3  C$shots.c$57$1_0$157               shots
     000028D6  A$shots$348                        shots
     000028D7  A$shots$349                        shots
     000028D8  A$shots$350                        shots
     000028DA  A$shots$351                        shots
     000028DC  A$shots$352                        shots
     000028DF  A$shots$357                        shots
     000028DF  C$shots.c$58$1_0$157               shots
     000028E2  A$shots$358                        shots
     000028E3  A$shots$359                        shots
     000028E6  A$shots$363                        shots
     000028E6  C$shots.c$59$1_0$157               shots
     000028E8  A$shots$364                        shots
     000028EC  A$shots$365                        shots
     000028EF  A$shots$366                        shots
     000028F1  A$shots$367                        shots
     000028F4  A$shots$368                        shots
     000028F6  A$shots$369                        shots
     000028F8  A$shots$370                        shots
     000028FB  A$shots$375                        shots
     000028FB  C$shots.c$60$1_0$157               shots
     000028FE  A$shots$376                        shots
     000028FF  A$shots$377                        shots
     00002900  A$shots$378                        shots
     00002902  A$shots$379                        shots
     00002904  A$shots$380                        shots
ASxxxx Linker V03.00 + NoICE + sdld,  page 24.
Hexadecimal  [32-Bits]

Area                                    Addr        Size        Decimal Bytes (Attributes)
--------------------------------        ----        ----        ------- ----- ------------
_CODE                               00000200    00004897 =       18583. bytes (REL,CON)

      Value  Global                              Global Defined In Module
      -----  --------------------------------   ------------------------
     00002906  A$shots$385                        shots
     00002906  C$shots.c$61$1_0$157               shots
     00002909  A$shots$386                        shots
     0000290A  A$shots$387                        shots
     0000290D  A$shots$391                        shots
     0000290D  C$shots.c$62$1_0$157               shots
     0000290F  A$shots$392                        shots
     00002913  A$shots$393                        shots
     00002916  A$shots$394                        shots
     00002918  A$shots$395                        shots
     0000291B  A$shots$396                        shots
     0000291D  A$shots$397                        shots
     0000291F  A$shots$398                        shots
     00002921  A$shots$403                        shots
     00002921  C$shots.c$63$1_0$157               shots
     00002924  A$shots$404                        shots
     00002925  A$shots$405                        shots
     00002926  A$shots$406                        shots
     00002928  A$shots$407                        shots
     0000292A  A$shots$408                        shots
     0000292C  A$shots$413                        shots
     0000292C  C$shots.c$64$1_0$157               shots
     0000292F  A$shots$414                        shots
     00002930  A$shots$415                        shots
     00002933  A$shots$419                        shots
     00002933  C$shots.c$65$1_0$157               shots
     00002935  A$shots$420                        shots
     00002939  A$shots$421                        shots
     0000293C  A$shots$422                        shots
     0000293E  A$shots$423                        shots
     00002941  A$shots$424                        shots
     00002943  A$shots$425                        shots
     00002945  A$shots$426                        shots
     00002947  A$shots$431                        shots
     00002947  C$shots.c$66$1_0$157               shots
     0000294A  A$shots$432                        shots
     0000294B  A$shots$433                        shots
     0000294C  A$shots$434                        shots
     0000294E  A$shots$435                        shots
     00002950  A$shots$436                        shots
     00002952  A$shots$441                        shots
     00002952  C$shots.c$67$1_0$157               shots
     00002955  A$shots$442                        shots
     00002956  A$shots$443                        shots
     00002959  A$shots$447                        shots
     00002959  C$shots.c$68$1_0$157               shots
     0000295B  A$shots$448                        shots
     0000295F  A$shots$449                        shots
     00002962  A$shots$450                        shots
     00002964  A$shots$451                        shots
     00002967  A$shots$452                        shots
ASxxxx Linker V03.00 + NoICE + sdld,  page 25.
Hexadecimal  [32-Bits]

Area                                    Addr        Size        Decimal Bytes (Attributes)
--------------------------------        ----        ----        ------- ----- ------------
_CODE                               00000200    00004897 =       18583. bytes (REL,CON)

      Value  Global                              Global Defined In Module
      -----  --------------------------------   ------------------------
     00002969  A$shots$453                        shots
     0000296B  A$shots$454                        shots
     0000296D  A$shots$459                        shots
     0000296D  C$shots.c$69$1_0$157               shots
     00002970  A$shots$460                        shots
     00002971  A$shots$461                        shots
     00002972  A$shots$465                        shots
     00002972  C$shots.c$71$1_0$157               shots
     00002974  A$shots$466                        shots
     00002976  A$shots$467                        shots
     00002978  A$shots$472                        shots
     0000297A  A$shots$477                        shots
     0000297A  C$shots.c$72$1_0$157               shots
     0000297A  XG$check_player_shot_collision_r   shots
     0000297B  A$shots$487                        shots
     0000297B  C$shots.c$74$1_0$159               shots
     0000297B  G$check_player_shot_collision_co   shots
     0000297B  _check_player_shot_collision_col   shots
     0000297D  A$shots$488                        shots
     00002981  A$shots$489                        shots
     00002983  A$shots$493                        shots
     00002983  C$shots.c$77$1_0$159               shots
     00002987  A$shots$494                        shots
     00002989  A$shots$495                        shots
     0000298B  A$shots$496                        shots
     0000298E  A$shots$501                        shots
     0000298E  C$shots.c$79$1_0$159               shots
     00002991  A$shots$502                        shots
     00002994  A$shots$503                        shots
     00002996  A$shots$504                        shots
     00002998  A$shots$505                        shots
     0000299A  A$shots$506                        shots
     0000299C  A$shots$507                        shots
     0000299E  A$shots$508                        shots
     000029A0  A$shots$509                        shots
     000029A3  A$shots$510                        shots
     000029A4  A$shots$511                        shots
     000029A7  A$shots$515                        shots
     000029A7  C$shots.c$81$1_0$159               shots
     000029A9  A$shots$516                        shots
     000029AD  A$shots$517                        shots
[...]
--------------------------------        ----        ----        ------- ----- ------------
_HEADER0                            00000000    00000008 =           8. bytes (ABS,CON)

      Value  Global                              Global Defined In Module
      -----  --------------------------------   ------------------------
ASxxxx Linker V03.00 + NoICE + sdld,  page 99.
Hexadecimal  [32-Bits]

Area                                    Addr        Size        Decimal Bytes (Attributes)
--------------------------------        ----        ----        ------- ----- ------------
_HEADER1                            00000000    00000009 =           9. bytes (ABS,CON)

      Value  Global                              Global Defined In Module
      -----  --------------------------------   ------------------------
     00000008  _SMS_crt0_RST08                    crt0

ASxxxx Linker V03.00 + NoICE + sdld,  page 100.
Hexadecimal  [32-Bits]

Area                                    Addr        Size        Decimal Bytes (Attributes)
--------------------------------        ----        ----        ------- ----- ------------
_HEADER2                            00000000    00000018 =          24. bytes (ABS,CON)

      Value  Global                              Global Defined In Module
      -----  --------------------------------   ------------------------
     00000018  _SMS_crt0_RST18                    crt0

ASxxxx Linker V03.00 + NoICE + sdld,  page 101.
Hexadecimal  [32-Bits]

Area                                    Addr        Size        Decimal Bytes (Attributes)
--------------------------------        ----        ----        ------- ----- ------------
_HEADER3                            00000000    0000002B =          43. bytes (ABS,CON)

      Value  Global                              Global Defined In Module
      -----  --------------------------------   ------------------------
ASxxxx Linker V03.00 + NoICE + sdld,  page 102.
Hexadecimal  [32-Bits]

Area                                    Addr        Size        Decimal Bytes (Attributes)
--------------------------------        ----        ----        ------- ----- ------------
_HEADER4                            00000000    00000104 =         260. bytes (ABS,CON)

      Value  Global                              Global Defined In Module
      -----  --------------------------------   ------------------------
     00000069  _OUTI128                           crt0
     000000E9  _OUTI64                            crt0
     00000129  _OUTI32                            crt0
     00000169  _outi_block                        crt0

ASxxxx Linker V03.00 + NoICE + sdld,  page 103.
Hexadecimal  [32-Bits]

Area                                    Addr        Size        Decimal Bytes (Attributes)
--------------------------------        ----        ----        ------- ----- ------------
_INITIALIZER                        00004A97    00000009 =           9. bytes (REL,CON)

      Value  Global                              Global Defined In Module
      -----  --------------------------------   ------------------------
ASxxxx Linker V03.00 + NoICE + sdld,  page 104.
Hexadecimal  [32-Bits]

Area                                    Addr        Size        Decimal Bytes (Attributes)
--------------------------------        ----        ----        ------- ----- ------------
_GSINIT                             00004AA0    0000000F =          15. bytes (REL,CON)

      Value  Global                              Global Defined In Module
      -----  --------------------------------   ------------------------
     00004AA0  gsinit                             crt0

ASxxxx Linker V03.00 + NoICE + sdld,  page 105.
Hexadecimal  [32-Bits]

Area                                    Addr        Size        Decimal Bytes (Attributes)
--------------------------------        ----        ----        ------- ----- ------------
_GSFINAL                            00004AAF    00000001 =           1. bytes (REL,CON)

      Value  Global                              Global Defined In Module
      -----  --------------------------------   ------------------------
ASxxxx Linker V03.00 + NoICE + sdld,  page 106.
Hexadecimal  [32-Bits]

Area                                    Addr        Size        Decimal Bytes (Attributes)
--------------------------------        ----        ----        ------- ----- ------------
_DATA                               0000C000    000006B3 =        1715. bytes (REL,CON)

      Value  Global                              Global Defined In Module
      -----  --------------------------------   ------------------------
     0000C000  Lactor.draw_meta_sprite$i$1_0$14   actor
     0000C001  Lactor.draw_meta_sprite$j$1_0$14   actor
     0000C002  Lactor.draw_meta_sprite$sx$1_0$1   actor
     0000C004  Lactor.draw_meta_sprite$sy$1_0$1   actor
     0000C006  Lactor.draw_meta_sprite$st$1_0$1   actor
     0000C007  Lactor.init_actor$sa$1_0$157       actor
     0000C009  Lactor.move_actor$act$1_0$159      actor
     0000C00B  Lactor.move_actor$step$1_0$159     actor
     0000C00D  Lactor.move_actor$curr_step$1_0$   actor
     0000C00F  Lactor.move_actor$path_flags$1_0   actor
     0000C010  Lactor.draw_actor$_act$1_0$164     actor
     0000C012  Lactor.draw_actor$frame_tile$1_0   actor
     0000C013  Lactor.draw_actor$frame$1_0$164    actor
     0000C014  G$player_shots$0_0$0               shots
     0000C014  _player_shots                      shots
     0000C1E4  G$player_shots_collision_rows$0_   shots
     0000C1E4  _player_shots_collision_rows       shots
     0000C1FC  G$player_shots_collision_cols$0_   shots
     0000C1FC  _player_shots_collision_cols       shots
     0000C21C  Lshots.mark_player_shot_collisio   shots
     0000C21E  Lshots.mark_player_shot_collisio   shots
     0000C220  Lshots.check_player_shot_collisi   shots
     0000C222  Lshots.check_player_shot_collisi   shots
     0000C224  Lshots.init_player_shots$sht$1_0   shots
     0000C226  Lshots.handle_player_shots$sht$1   shots
     0000C228  Lshots.draw_player_shots$sht$1_0   shots
     0000C22A  Lshots.fire_player_shot$sht$1_0$   shots
     0000C22C  Lshots.fire_player_shot$shots_to   shots
     0000C22D  Lshots.fire_player_shot$fired$1_   shots
     0000C22E  Lshots.fire_player_shot$info$1_0   shots
     0000C230  Lshots.fire_player_shot$path$1_0   shots
     0000C232  Lshots.check_collision_against_s   shots
     0000C234  Lshots.check_collision_against_s   shots
     0000C236  Lshots.check_collision_against_s   shots
     0000C238  Lshots.check_collision_against_s   shots
     0000C23A  Lshots.check_collision_against_s   shots
     0000C23C  Lshots.check_collision_against_s   shots
     0000C23E  G$map_data$0_0$0                   map
     0000C23E  _map_data                          map
     0000C245  Lmap.decompress_map_row$o$1_0$15   map
     0000C247  Lmap.decompress_map_row$d$1_0$15   map
     0000C249  Lmap.decompress_map_row$remainin   map
     0000C24A  Lmap.decompress_map_row$ch$1_0$1   map
     0000C24B  Lmap.decompress_map_row$repeat$1   map
     0000C24C  Lmap.draw_map_row$i$1_0$159        map
     0000C24D  Lmap.draw_map_row$j$1_0$159        map
     0000C24E  Lmap.draw_map_row$y$1_0$159        map
     0000C24F  Lmap.draw_map_row$map_char$1_0$1   map
     0000C251  Lmap.draw_map_row$base_tile$1_0$   map
     0000C253  Lmap.draw_map_row$tile$1_0$159     map
ASxxxx Linker V03.00 + NoICE + sdld,  page 107.
Hexadecimal  [32-Bits]

Area                                    Addr        Size        Decimal Bytes (Attributes)
--------------------------------        ----        ----        ------- ----- ------------
_DATA                               0000C000    000006B3 =        1715. bytes (REL,CON)

      Value  Global                              Global Defined In Module
      -----  --------------------------------   ------------------------
     0000C255  Lmap.draw_map_row$buffer$1_0$159   map
     0000C265  Lscore.reverse_string$start$1_0$   score
     0000C267  Lscore.reverse_string$end$1_0$15   score
     0000C269  Lscore.reverse_string$temp$1_0$1   score
     0000C26A  Lscore.update_score_display_char   score
     0000C26C  Lscore.update_score_display_char   score
     0000C26E  Lscore.update_score_display_char   score
     0000C26F  Lscore.update_score_display_char   score
     0000C270  Lscore.update_score_display_char   score
     0000C272  Lscore.draw_score_display$score$   score
     0000C274  Lscore.draw_score_display$x$1_0$   score
     0000C275  Lscore.draw_score_display$y$1_0$   score
     0000C276  Lscore.draw_score_display$ch$1_0   score
     0000C278  G$player$0_0$0                     dragon_blaster
     0000C278  _player                            dragon_blaster
     0000C295  G$enemies$0_0$0                    dragon_blaster
     0000C295  _enemies                           dragon_blaster
     0000C2EC  G$enemy_shots$0_0$0                dragon_blaster
     0000C2EC  _enemy_shots                       dragon_blaster
     0000C4BC  G$icons$0_0$0                      dragon_blaster
     0000C4BC  _icons                             dragon_blaster
     0000C4F6  G$powerup$0_0$0                    dragon_blaster
     0000C4F6  _powerup                           dragon_blaster
     0000C513  G$timer_label$0_0$0                dragon_blaster
     0000C513  _timer_label                       dragon_blaster
     0000C530  G$time_over$0_0$0                  dragon_blaster
     0000C530  _time_over                         dragon_blaster
     0000C54D  G$timer$0_0$0                      dragon_blaster
     0000C54D  _timer                             dragon_blaster
     0000C559  G$score$0_0$0                      dragon_blaster
     0000C559  _score                             dragon_blaster
     0000C565  G$ply_ctl$0_0$0                    dragon_blaster
     0000C565  _ply_ctl                           dragon_blaster
     0000C56D  G$boss$0_0$0                       dragon_blaster
     0000C56D  _boss                              dragon_blaster
     0000C57A  G$enemy_spawner$0_0$0              dragon_blaster
     0000C57A  _enemy_spawner                     dragon_blaster
     0000C582  G$timer_delay$0_0$0                dragon_blaster
     0000C582  _timer_delay                       dragon_blaster
     0000C583  G$frames_elapsed$0_0$0             dragon_blaster
     0000C583  _frames_elapsed                    dragon_blaster
     0000C584  Ldragon_blaster.handle_player_in   dragon_blaster
     0000C585  Ldragon_blaster.is_colliding_aga   dragon_blaster
     0000C587  Ldragon_blaster.is_colliding_aga   dragon_blaster
     0000C589  Ldragon_blaster.is_colliding_aga   dragon_blaster
     0000C58B  Ldragon_blaster.init_enemies$enm   dragon_blaster
     0000C58D  Ldragon_blaster.handle_enemies$e   dragon_blaster
     0000C58F  Ldragon_blaster.handle_enemies$s   dragon_blaster
     0000C591  Ldragon_blaster.draw_enemies$enm   dragon_blaster
     0000C593  Ldragon_blaster.handle_icons$til   dragon_blaster
     0000C595  Ldragon_blaster.init_enemy_shots   dragon_blaster
ASxxxx Linker V03.00 + NoICE + sdld,  page 108.
Hexadecimal  [32-Bits]

Area                                    Addr        Size        Decimal Bytes (Attributes)
--------------------------------        ----        ----        ------- ----- ------------
_DATA                               0000C000    000006B3 =        1715. bytes (REL,CON)

      Value  Global                              Global Defined In Module
      -----  --------------------------------   ------------------------
     0000C597  Ldragon_blaster.handle_enemy_sho   dragon_blaster
     0000C599  Ldragon_blaster.draw_enemy_shots   dragon_blaster
     0000C59B  Ldragon_blaster.fire_enemy_shot$   dragon_blaster
     0000C59D  Ldragon_blaster.fire_enemy_shot$   dragon_blaster
     0000C59E  Ldragon_blaster.fire_enemy_shot$   dragon_blaster
     0000C59F  Ldragon_blaster.fire_enemy_shot$   dragon_blaster
     0000C5A1  Ldragon_blaster.fire_enemy_shot$   dragon_blaster
     0000C5A3  _PSGMusicStatus                    PSGlib
     0000C5A4  _PSGMusicStart                     PSGlib
     0000C5A6  _PSGMusicPointer                   PSGlib
     0000C5A8  _PSGMusicLoopPoint                 PSGlib
     0000C5AA  _PSGMusicSkipFrames                PSGlib
     0000C5AB  _PSGLoopFlag                       PSGlib
     0000C5AC  _PSGMusicLastLatch                 PSGlib
     0000C5AD  _PSGMusicVolumeAttenuation         PSGlib
     0000C5AE  _PSGMusicSubstringLen              PSGlib
     0000C5AF  _PSGMusicSubstringRetAddr          PSGlib
     0000C5B1  _PSGChan0Volume                    PSGlib
     0000C5B2  _PSGChan1Volume                    PSGlib
     0000C5B3  _PSGChan2Volume                    PSGlib
     0000C5B4  _PSGChan3Volume                    PSGlib
     0000C5B5  _PSGChan2LowTone                   PSGlib
     0000C5B6  _PSGChan2HighTone                  PSGlib
     0000C5B7  _PSGChan3LowTone                   PSGlib
     0000C5B8  _PSGChannel2SFX                    PSGlib
     0000C5B9  _PSGChannel3SFX                    PSGlib
     0000C5BA  _PSGSFXChan2Volume                 PSGlib
     0000C5BB  _PSGSFXChan3Volume                 PSGlib
     0000C5BC  _PSGSFXStatus                      PSGlib
     0000C5BD  _PSGSFXStart                       PSGlib
     0000C5BF  _PSGSFXPointer                     PSGlib
     0000C5C1  _PSGSFXLoopPoint                   PSGlib
     0000C5C3  _PSGSFXSkipFrames                  PSGlib
     0000C5C4  _PSGSFXLoopFlag                    PSGlib
     0000C5C5  _PSGSFXSubstringLen                PSGlib
     0000C5C6  _PSGSFXSubstringRetAddr            PSGlib
     0000C5C8  _VDPBlank                          SMSlib
     0000C5C9  _SMS_VDPFlags                      SMSlib
     0000C5CA  _PauseRequested                    SMSlib
     0000C5CB  _SMS_Port3EBIOSvalue               SMSlib
     0000C5CC  _KeysStatus                        SMSlib
     0000C5CE  _PreviousKeysStatus                SMSlib
     0000C5D0  _SMS_theLineInterruptHandler       SMSlib
     0000C5D2  _decompBuffer                      SMSlib_PSGaiden
     0000C5F2  _SpriteTableY                      SMSlib_sprite
     0000C632  _SpriteTableXN                     SMSlib_sprite
     0000C6B2  _SpriteNextFree                    SMSlib_sprite

ASxxxx Linker V03.00 + NoICE + sdld,  page 109.
Hexadecimal  [32-Bits]

Area                                    Addr        Size        Decimal Bytes (Attributes)
--------------------------------        ----        ----        ------- ----- ------------
_INITIALIZED                        0000C6B3    00000009 =           9. bytes (REL,CON)

      Value  Global                              Global Defined In Module
      -----  --------------------------------   ------------------------
     0000C6B3  _VDPReg                            SMSlib
     0000C6B5  _spritesHeight                     SMSlib
     0000C6B6  _spritesWidth                      SMSlib
     0000C6B7  _spritesTileOffset                 SMSlib

ASxxxx Linker V03.00 + NoICE + sdld,  page 110.
Hexadecimal  [32-Bits]

Area                                    Addr        Size        Decimal Bytes (Attributes)
--------------------------------        ----        ----        ------- ----- ------------
_CABS0                              00000000    00000010 =          16. bytes (ABS,CON)

      Value  Global                              Global Defined In Module
      -----  --------------------------------   ------------------------
     00007FF0  G$__SMS__SEGA_signature$0_0$0      dragon_blaster
     00007FF0  ___SMS__SEGA_signature             dragon_blaster

ASxxxx Linker V03.00 + NoICE + sdld,  page 111.
Hexadecimal  [32-Bits]

Area                                    Addr        Size        Decimal Bytes (Attributes)
--------------------------------        ----        ----        ------- ----- ------------
_CABS1                              00000000    00000010 =          16. bytes (ABS,CON)

      Value  Global                              Global Defined In Module
      -----  --------------------------------   ------------------------
     00007FD0  G$__SMS__SDSC_author$0_0$0         dragon_blaster
     00007FD0  ___SMS__SDSC_author                dragon_blaster

ASxxxx Linker V03.00 + NoICE + sdld,  page 112.
Hexadecimal  [32-Bits]

Area                                    Addr        Size        Decimal Bytes (Attributes)
--------------------------------        ----        ----        ------- ----- ------------
_CABS2                              00000000    0000000F =          15. bytes (ABS,CON)

      Value  Global                              Global Defined In Module
      -----  --------------------------------   ------------------------
     00007FC1  G$__SMS__SDSC_name$0_0$0           dragon_blaster
     00007FC1  ___SMS__SDSC_name                  dragon_blaster

ASxxxx Linker V03.00 + NoICE + sdld,  page 113.
Hexadecimal  [32-Bits]

Area                                    Addr        Size        Decimal Bytes (Attributes)
--------------------------------        ----        ----        ------- ----- ------------
_CABS3                              00000000    0000012E =         302. bytes (ABS,CON)

      Value  Global                              Global Defined In Module
      -----  --------------------------------   ------------------------
     00007E93  G$__SMS__SDSC_descr$0_0$0          dragon_blaster
     00007E93  ___SMS__SDSC_descr                 dragon_blaster

ASxxxx Linker V03.00 + NoICE + sdld,  page 114.
Hexadecimal  [32-Bits]

Area                                    Addr        Size        Decimal Bytes (Attributes)
--------------------------------        ----        ----        ------- ----- ------------
_CABS4                              00000000    00000010 =          16. bytes (ABS,CON)

      Value  Global                              Global Defined In Module
      -----  --------------------------------   ------------------------
     00007FE0  G$__SMS__SDSC_signature$0_0$0      dragon_blaster
     00007FE0  ___SMS__SDSC_signature             dragon_blaster

ASxxxx Linker V03.00 + NoICE + sdld,  page 115.

Files Linked                              [ module(s) ]

lib/crt0_sms.rel                          [ crt0 ]
data.rel                                  [ data ]
actor.rel                                 [ actor ]
shot.rel                                  [ shot ]
boss_shot.rel                             [ boss_shot ]
shots.rel                                 [ shots ]
map.rel                                   [ map ]
score.rel                                 [ score ]
dragon_blaster.rel                        [ dragon_blaster ]
lib/PSGlib.rel                            [ PSGlib ]


Libraries Linked                          [ object file ]

C:\Program Files\SDCC\bin\..\lib\z80/z80.lib
                                          [ divunsigned.rel ]
SMSlib.lib                                [ SMSlib.rel ]
SMSlib.lib                                [ SMSlib_PSGaiden.rel ]
C:\Program Files\SDCC\bin\..\lib\z80/z80.lib
                                          [ rand.rel ]
SMSlib.lib                                [ SMSlib_sprite.rel ]
C:\Program Files\SDCC\bin\..\lib\z80/z80.lib
                                          [ __sdcc_call_hl.rel ]
SMSlib.lib                                [ SMSlib_deprecated.rel ]
C:\Program Files\SDCC\bin\..\lib\z80/z80.lib
                                          [ strlen.rel ]
C:\Program Files\SDCC\bin\..\lib\z80/z80.lib
                                          [ modsigned.rel ]
C:\Program Files\SDCC\bin\..\lib\z80/z80.lib
                                          [ modunsigned.rel ]
C:\Program Files\SDCC\bin\..\lib\z80/z80.lib
                                          [ divsigned.rel ]

ASxxxx Linker V03.00 + NoICE + sdld,  page 116.

User Base Address Definitions

_CODE = 0x0200
_DATA = 0xc000

