ASxxxx Linker V03.00 + NoICE + sdld,  page 1.
Hexadecimal  [32-Bits]

Area                                    Addr        Size        Decimal Bytes (Attributes)
--------------------------------        ----        ----        ------- ----- ------------
.  .ABS.                            00000000    00000000 =           0. bytes (ABS,CON)

      Value  Global                              Global Defined In Module
      -----  --------------------------------   ------------------------
     00000000  .__.ABS.                           
     00000000  l__BSEG                         
     00000000  l__BSS                          
     00000000  l__CABS                         
     00000000  l__DABS                         
     00000000  l__HEADER                       
     00000000  l__HEAP                         
     00000000  l__HOME                         
     00000000  s__CABS                         
     00000000  s__CABS0                        
     00000000  s__CABS1                        
     00000000  s__CABS2                        
     00000000  s__CABS3                        
     00000000  s__CABS4                        
     00000000  s__DABS                         
     00000000  s__HEADER                       
     00000000  s__HEADER0                      
     00000000  s__HEADER1                      
     00000000  s__HEADER2                      
     00000000  s__HEADER3                      
     00000000  s__HEADER4                      
     00000000  s__HEADER5                      
     00000001  l__GSFINAL                      
     00000003  l__HEADER3                      
     00000003  l__HEADER4                      
     00000004  l__INITIALIZED                  
     00000004  l__INITIALIZER                  
     00000006  l__HEADER0                      
     00000009  l__HEADER1                      
     0000000A  l__HEADER2                      
     0000000C  l__CABS2                        
     0000000E  l__CABS1                        
     0000000F  l__GSINIT                       
     00000010  l__CABS0                        
     00000010  l__CABS4                        
     00000038  l__CABS3                        
     000000CB  l__DATA                         
     0000012A  l__HEADER5                      
     00000200  s__CODE                         
     00000352  l__CODE                         
     00000552  s__HOME                         
     00000552  s__INITIALIZER                  
     00000556  s__GSINIT                       
     00000565  s__GSFINAL                      
     00008000  G$SMS_SRAM$0$0                     main
     00008000  _SMS_SRAM                          SMSlib
     0000C000  s__DATA                         
     0000C0CB  s__INITIALIZED                  
     0000C0CF  s__BSEG                         
     0000C0CF  s__BSS                          
ASxxxx Linker V03.00 + NoICE + sdld,  page 2.
Hexadecimal  [32-Bits]

Area                                    Addr        Size        Decimal Bytes (Attributes)
--------------------------------        ----        ----        ------- ----- ------------
.  .ABS.                            00000000    00000000 =           0. bytes (ABS,CON)

      Value  Global                              Global Defined In Module
      -----  --------------------------------   ------------------------
     0000C0CF  s__HEAP                         
     0000FFFC  G$SRAM_bank_to_be_mapped_on_slot   main
     0000FFFC  _SRAM_bank_to_be_mapped_on_slot2   SMSlib
     0000FFFF  G$ROM_bank_to_be_mapped_on_slot2   main
     0000FFFF  _ROM_bank_to_be_mapped_on_slot2    SMSlib

ASxxxx Linker V03.00 + NoICE + sdld,  page 3.
Hexadecimal  [32-Bits]

Area                                    Addr        Size        Decimal Bytes (Attributes)
--------------------------------        ----        ----        ------- ----- ------------
_CODE                               00000200    00000352 =         850. bytes (REL,CON)

      Value  Global                              Global Defined In Module
      -----  --------------------------------   ------------------------
     00000200  __clock                            crt0
     00000204  _exit                              crt0
     0000020A  A$main$74                          main
     0000020A  C$main.c$3$0$0                     main
     0000020A  C$main.c$5$1$58                    main
     0000020A  G$main$0$0                         main
     0000020A  _main                              main
     0000020D  A$main$78                          main
     0000020D  C$main.c$6$1$58                    main
     00000210  A$main$79                          main
     00000213  A$main$83                          main
     00000213  C$main.c$7$1$58                    main
     00000216  A$main$84                          main
     00000217  A$main$85                          main
     0000021A  A$main$86                          main
     0000021B  A$main$90                          main
     0000021B  C$main.c$8$1$58                    main
     0000021E  A$main$91                          main
     00000221  A$main$96                          main
     00000221  C$main.c$12$3$60                   main
     00000224  A$main$101                         main
     00000224  C$main.c$14$2$59                   main
     00000224  XG$main$0$0                        main
     00000226  Fmain$__str_0$0$0                  main
     00000234  Fmain$__str_1$0$0                  main
     00000240  Fmain$__str_2$0$0                  main
     00000278  _SMS_init                          SMSlib
     000002CC  _VDPReg_init                       SMSlib
     000002D7  _SMS_VDPType                       SMSlib
     000002DF  _SMS_VDPturnOnFeature              SMSlib
     000002F6  _SMS_VDPturnOffFeature             SMSlib
     0000030F  _SMS_setBGScrollX                  SMSlib
     00000319  _SMS_setBGScrollY                  SMSlib
     00000323  _SMS_setBackdropColor              SMSlib
     0000032D  _SMS_useFirstHalfTilesforSprites   SMSlib
     00000341  _SMS_setSpriteMode                 SMSlib
     00000386  _SMS_setBGPaletteColor             SMSlib
     0000039A  _SMS_setSpritePaletteColor         SMSlib
     000003AE  _SMS_loadBGPalette                 SMSlib
     000003C2  _SMS_loadSpritePalette             SMSlib
     000003D6  _SMS_setColor                      SMSlib
     000003DA  _SMS_initSprites                   SMSlib
     000003E0  _SMS_addSprite                     SMSlib
     00000435  _SMS_finalizeSprites               SMSlib
     00000447  _SMS_copySpritestoSAT              SMSlib
     00000470  _SMS_waitForVBlank                 SMSlib
     0000047D  _SMS_getKeysStatus                 SMSlib
     00000481  _SMS_getKeysPressed                SMSlib
     0000049E  _SMS_getKeysHeld                   SMSlib
     000004B5  _SMS_getKeysReleased               SMSlib
ASxxxx Linker V03.00 + NoICE + sdld,  page 4.
Hexadecimal  [32-Bits]

Area                                    Addr        Size        Decimal Bytes (Attributes)
--------------------------------        ----        ----        ------- ----- ------------
_CODE                               00000200    00000352 =         850. bytes (REL,CON)

      Value  Global                              Global Defined In Module
      -----  --------------------------------   ------------------------
     000004D2  _SMS_queryPauseRequested           SMSlib
     000004DA  _SMS_resetPauseRequest             SMSlib
     000004E0  _SMS_setLineInterruptHandler       SMSlib
     000004F1  _SMS_setLineCounter                SMSlib
     00000500  _SMS_getVCount                     SMSlib
     00000504  _SMS_getHCount                     SMSlib
     00000508  _SMS_isr                           SMSlib
     0000053E  _SMS_nmi_isr                       SMSlib
     00000551  ___sdcc_call_hl                    

ASxxxx Linker V03.00 + NoICE + sdld,  page 5.
Hexadecimal  [32-Bits]

Area                                    Addr        Size        Decimal Bytes (Attributes)
--------------------------------        ----        ----        ------- ----- ------------
_HEADER0                            00000000    00000006 =           6. bytes (ABS,CON)

      Value  Global                              Global Defined In Module
      -----  --------------------------------   ------------------------
     00000006  _SMS_crt0_RST08                    crt0

ASxxxx Linker V03.00 + NoICE + sdld,  page 6.
Hexadecimal  [32-Bits]

Area                                    Addr        Size        Decimal Bytes (Attributes)
--------------------------------        ----        ----        ------- ----- ------------
_HEADER1                            00000000    00000009 =           9. bytes (ABS,CON)

      Value  Global                              Global Defined In Module
      -----  --------------------------------   ------------------------
     00000011  _SMS_crt0_RST18                    crt0

ASxxxx Linker V03.00 + NoICE + sdld,  page 7.
Hexadecimal  [32-Bits]

Area                                    Addr        Size        Decimal Bytes (Attributes)
--------------------------------        ----        ----        ------- ----- ------------
_HEADER2                            00000000    0000000A =          10. bytes (ABS,CON)

      Value  Global                              Global Defined In Module
      -----  --------------------------------   ------------------------
ASxxxx Linker V03.00 + NoICE + sdld,  page 8.
Hexadecimal  [32-Bits]

Area                                    Addr        Size        Decimal Bytes (Attributes)
--------------------------------        ----        ----        ------- ----- ------------
_HEADER3                            00000000    00000003 =           3. bytes (ABS,CON)

      Value  Global                              Global Defined In Module
      -----  --------------------------------   ------------------------
ASxxxx Linker V03.00 + NoICE + sdld,  page 9.
Hexadecimal  [32-Bits]

Area                                    Addr        Size        Decimal Bytes (Attributes)
--------------------------------        ----        ----        ------- ----- ------------
_HEADER4                            00000000    00000003 =           3. bytes (ABS,CON)

      Value  Global                              Global Defined In Module
      -----  --------------------------------   ------------------------
ASxxxx Linker V03.00 + NoICE + sdld,  page 10.
Hexadecimal  [32-Bits]

Area                                    Addr        Size        Decimal Bytes (Attributes)
--------------------------------        ----        ----        ------- ----- ------------
_HEADER5                            00000000    0000012A =         298. bytes (ABS,CON)

      Value  Global                              Global Defined In Module
      -----  --------------------------------   ------------------------
     00000099  _OUTI128                           crt0
     00000119  _OUTI64                            crt0
     00000159  _OUTI32                            crt0
     00000199  _outi_block                        crt0

ASxxxx Linker V03.00 + NoICE + sdld,  page 11.
Hexadecimal  [32-Bits]

Area                                    Addr        Size        Decimal Bytes (Attributes)
--------------------------------        ----        ----        ------- ----- ------------
_INITIALIZER                        00000552    00000004 =           4. bytes (REL,CON)

      Value  Global                              Global Defined In Module
      -----  --------------------------------   ------------------------
ASxxxx Linker V03.00 + NoICE + sdld,  page 12.
Hexadecimal  [32-Bits]

Area                                    Addr        Size        Decimal Bytes (Attributes)
--------------------------------        ----        ----        ------- ----- ------------
_GSINIT                             00000556    0000000F =          15. bytes (REL,CON)

      Value  Global                              Global Defined In Module
      -----  --------------------------------   ------------------------
     00000556  gsinit                             crt0

ASxxxx Linker V03.00 + NoICE + sdld,  page 13.
Hexadecimal  [32-Bits]

Area                                    Addr        Size        Decimal Bytes (Attributes)
--------------------------------        ----        ----        ------- ----- ------------
_GSFINAL                            00000565    00000001 =           1. bytes (REL,CON)

      Value  Global                              Global Defined In Module
      -----  --------------------------------   ------------------------
ASxxxx Linker V03.00 + NoICE + sdld,  page 14.
Hexadecimal  [32-Bits]

Area                                    Addr        Size        Decimal Bytes (Attributes)
--------------------------------        ----        ----        ------- ----- ------------
_DATA                               0000C000    000000CB =         203. bytes (REL,CON)

      Value  Global                              Global Defined In Module
      -----  --------------------------------   ------------------------
     0000C000  _VDPBlank                          SMSlib
     0000C001  _SMS_VDPFlags                      SMSlib
     0000C002  _PauseRequested                    SMSlib
     0000C003  _VDPType                           SMSlib
     0000C004  _KeysStatus                        SMSlib
     0000C006  _PreviousKeysStatus                SMSlib
     0000C008  _SpriteTableY                      SMSlib
     0000C048  _SpriteTableXN                     SMSlib
     0000C0C8  _SpriteNextFree                    SMSlib
     0000C0C9  _SMS_theLineInterruptHandler       SMSlib

ASxxxx Linker V03.00 + NoICE + sdld,  page 15.
Hexadecimal  [32-Bits]

Area                                    Addr        Size        Decimal Bytes (Attributes)
--------------------------------        ----        ----        ------- ----- ------------
_INITIALIZED                        0000C0CB    00000004 =           4. bytes (REL,CON)

      Value  Global                              Global Defined In Module
      -----  --------------------------------   ------------------------
     0000C0CB  _VDPReg                            SMSlib
     0000C0CD  _spritesHeight                     SMSlib
     0000C0CE  _spritesWidth                      SMSlib
ASxxxx Linker V03.00 + NoICE + sdld,  page 16.
Hexadecimal  [32-Bits]

Area                                    Addr        Size        Decimal Bytes (Attributes)
--------------------------------        ----        ----        ------- ----- ------------
_CABS0                              00000000    00000010 =          16. bytes (ABS,CON)

      Value  Global                              Global Defined In Module
      -----  --------------------------------   ------------------------
     00007FF0  G$__SMS__SEGA_signature$0$0        main
     00007FF0  ___SMS__SEGA_signature             main

ASxxxx Linker V03.00 + NoICE + sdld,  page 17.
Hexadecimal  [32-Bits]

Area                                    Addr        Size        Decimal Bytes (Attributes)
--------------------------------        ----        ----        ------- ----- ------------
_CABS1                              00000000    0000000E =          14. bytes (ABS,CON)

      Value  Global                              Global Defined In Module
      -----  --------------------------------   ------------------------
     00007FD2  G$__SMS__SDSC_author$0$0           main
     00007FD2  ___SMS__SDSC_author                main

ASxxxx Linker V03.00 + NoICE + sdld,  page 18.
Hexadecimal  [32-Bits]

Area                                    Addr        Size        Decimal Bytes (Attributes)
--------------------------------        ----        ----        ------- ----- ------------
_CABS2                              00000000    0000000C =          12. bytes (ABS,CON)

      Value  Global                              Global Defined In Module
      -----  --------------------------------   ------------------------
     00007FC6  G$__SMS__SDSC_name$0$0             main
     00007FC6  ___SMS__SDSC_name                  main

ASxxxx Linker V03.00 + NoICE + sdld,  page 19.
Hexadecimal  [32-Bits]

Area                                    Addr        Size        Decimal Bytes (Attributes)
--------------------------------        ----        ----        ------- ----- ------------
_CABS3                              00000000    00000038 =          56. bytes (ABS,CON)

      Value  Global                              Global Defined In Module
      -----  --------------------------------   ------------------------
     00007F8E  G$__SMS__SDSC_descr$0$0            main
     00007F8E  ___SMS__SDSC_descr                 main

ASxxxx Linker V03.00 + NoICE + sdld,  page 20.
Hexadecimal  [32-Bits]

Area                                    Addr        Size        Decimal Bytes (Attributes)
--------------------------------        ----        ----        ------- ----- ------------
_CABS4                              00000000    00000010 =          16. bytes (ABS,CON)

      Value  Global                              Global Defined In Module
      -----  --------------------------------   ------------------------
     00007FE0  G$__SMS__SDSC_signature$0$0        main
     00007FE0  ___SMS__SDSC_signature             main

ASxxxx Linker V03.00 + NoICE + sdld,  page 21.

Files Linked                              [ module(s) ]

..\crt0\crt0_sms.rel                      [ crt0 ]
main.rel                                  [ main ]


Libraries Linked                          [ object file ]

..\lib\SMSlib.lib                         [ SMSlib.rel ]
C:\Program Files\SDCC\bin\..\lib\z80/z80.lib
                                          [ __sdcc_call_hl.rel ]

ASxxxx Linker V03.00 + NoICE + sdld,  page 22.

User Base Address Definitions

_CODE = 0x0200
_DATA = 0xc000

